e2e-tests/tests/connection-test.spec.ts(3,1): error TS2582: Cannot find name 'describe'. Do you need to install type definitions for a test runner? Try `npm i --save-dev @types/jest` or `npm i --save-dev @types/mocha`.
e2e-tests/tests/connection-test.spec.ts(5,3): error TS2582: Cannot find name 'it'. Do you need to install type definitions for a test runner? Try `npm i --save-dev @types/jest` or `npm i --save-dev @types/mocha`.
e2e-tests/tests/connection-test.spec.ts(7,30): error TS2304: Cannot find name 'driver'.
e2e-tests/tests/connection-test.spec.ts(11,11): error TS2304: Cannot find name 'driver'.
e2e-tests/tests/connection-test.spec.ts(14,34): error TS2304: Cannot find name 'driver'.
e2e-tests/tests/connection-test.spec.ts(22,3): error TS2582: Cannot find name 'it'. Do you need to install type definitions for a test runner? Try `npm i --save-dev @types/jest` or `npm i --save-dev @types/mocha`.
e2e-tests/tests/connection-test.spec.ts(24,11): error TS2304: Cannot find name 'driver'.
e2e-tests/tests/connection-test.spec.ts(29,11): error TS2304: Cannot find name 'driver'.
e2e-tests/tests/connection-test.spec.ts(32,34): error TS2304: Cannot find name 'driver'.
e2e-tests/tests/login.spec.ts(3,1): error TS2582: Cannot find name 'describe'. Do you need to install type definitions for a test runner? Try `npm i --save-dev @types/jest` or `npm i --save-dev @types/mocha`.
e2e-tests/tests/login.spec.ts(10,3): error TS2582: Cannot find name 'it'. Do you need to install type definitions for a test runner? Try `npm i --save-dev @types/jest` or `npm i --save-dev @types/mocha`.
e2e-tests/tests/login.spec.ts(12,11): error TS2304: Cannot find name 'driver'.
e2e-tests/tests/login.spec.ts(16,31): error TS2581: Cannot find name '$'. Do you need to install type definitions for jQuery? Try `npm i --save-dev @types/jquery`.
e2e-tests/tests/login.spec.ts(20,11): error TS2304: Cannot find name 'driver'.
e2e-tests/tests/login.spec.ts(23,30): error TS2581: Cannot find name '$'. Do you need to install type definitions for jQuery? Try `npm i --save-dev @types/jquery`.
e2e-tests/tests/login.spec.ts(27,33): error TS2581: Cannot find name '$'. Do you need to install type definitions for jQuery? Try `npm i --save-dev @types/jquery`.
e2e-tests/tests/login.spec.ts(31,32): error TS2581: Cannot find name '$'. Do you need to install type definitions for jQuery? Try `npm i --save-dev @types/jquery`.
e2e-tests/tests/login.spec.ts(35,11): error TS2304: Cannot find name 'driver'.
e2e-tests/tests/login.spec.ts(40,33): error TS2581: Cannot find name '$'. Do you need to install type definitions for jQuery? Try `npm i --save-dev @types/jquery`.
e2e-tests/tests/login.spec.ts(46,36): error TS2304: Cannot find name 'driver'.
e2e-tests/tests/user-journey.spec.ts(3,1): error TS2582: Cannot find name 'describe'. Do you need to install type definitions for a test runner? Try `npm i --save-dev @types/jest` or `npm i --save-dev @types/mocha`.
e2e-tests/tests/user-journey.spec.ts(5,3): error TS2304: Cannot find name 'beforeEach'.
e2e-tests/tests/user-journey.spec.ts(7,11): error TS2304: Cannot find name 'driver'.
e2e-tests/tests/user-journey.spec.ts(10,3): error TS2582: Cannot find name 'describe'. Do you need to install type definitions for a test runner? Try `npm i --save-dev @types/jest` or `npm i --save-dev @types/mocha`.
e2e-tests/tests/user-journey.spec.ts(11,5): error TS2582: Cannot find name 'it'. Do you need to install type definitions for a test runner? Try `npm i --save-dev @types/jest` or `npm i --save-dev @types/mocha`.
e2e-tests/tests/user-journey.spec.ts(12,33): error TS2581: Cannot find name '$'. Do you need to install type definitions for jQuery? Try `npm i --save-dev @types/jquery`.
e2e-tests/tests/user-journey.spec.ts(13,33): error TS2339: Property 'toBeDisplayed' does not exist on type 'Assertion'.
e2e-tests/tests/user-journey.spec.ts(15,35): error TS2581: Cannot find name '$'. Do you need to install type definitions for jQuery? Try `npm i --save-dev @types/jquery`.
e2e-tests/tests/user-journey.spec.ts(16,35): error TS2339: Property 'toBeDisplayed' does not exist on type 'Assertion'.
e2e-tests/tests/user-journey.spec.ts(19,5): error TS2582: Cannot find name 'it'. Do you need to install type definitions for a test runner? Try `npm i --save-dev @types/jest` or `npm i --save-dev @types/mocha`.
e2e-tests/tests/user-journey.spec.ts(20,35): error TS2581: Cannot find name '$'. Do you need to install type definitions for jQuery? Try `npm i --save-dev @types/jquery`.
e2e-tests/tests/user-journey.spec.ts(24,13): error TS2304: Cannot find name 'driver'.
e2e-tests/tests/user-journey.spec.ts(27,32): error TS2581: Cannot find name '$'. Do you need to install type definitions for jQuery? Try `npm i --save-dev @types/jquery`.
e2e-tests/tests/user-journey.spec.ts(28,32): error TS2339: Property 'toBeDisplayed' does not exist on type 'Assertion'.
e2e-tests/tests/user-journey.spec.ts(32,3): error TS2582: Cannot find name 'describe'. Do you need to install type definitions for a test runner? Try `npm i --save-dev @types/jest` or `npm i --save-dev @types/mocha`.
e2e-tests/tests/user-journey.spec.ts(33,5): error TS2582: Cannot find name 'it'. Do you need to install type definitions for a test runner? Try `npm i --save-dev @types/jest` or `npm i --save-dev @types/mocha`.
e2e-tests/tests/user-journey.spec.ts(35,36): error TS2581: Cannot find name '$'. Do you need to install type definitions for jQuery? Try `npm i --save-dev @types/jquery`.
e2e-tests/tests/user-journey.spec.ts(38,13): error TS2304: Cannot find name 'driver'.
e2e-tests/tests/user-journey.spec.ts(41,34): error TS2581: Cannot find name '$'. Do you need to install type definitions for jQuery? Try `npm i --save-dev @types/jquery`.
e2e-tests/tests/user-journey.spec.ts(45,34): error TS2581: Cannot find name '$'. Do you need to install type definitions for jQuery? Try `npm i --save-dev @types/jquery`.
e2e-tests/tests/user-journey.spec.ts(47,20): error TS2551: Property 'toContain' does not exist on type 'Assertion'. Did you mean 'contain'?
e2e-tests/tests/user-journey.spec.ts(50,5): error TS2582: Cannot find name 'it'. Do you need to install type definitions for a test runner? Try `npm i --save-dev @types/jest` or `npm i --save-dev @types/mocha`.
e2e-tests/tests/user-journey.spec.ts(52,33): error TS2581: Cannot find name '$'. Do you need to install type definitions for jQuery? Try `npm i --save-dev @types/jquery`.
e2e-tests/tests/user-journey.spec.ts(55,13): error TS2304: Cannot find name 'driver'.
e2e-tests/tests/user-journey.spec.ts(58,35): error TS2581: Cannot find name '$'. Do you need to install type definitions for jQuery? Try `npm i --save-dev @types/jquery`.
e2e-tests/tests/user-journey.spec.ts(62,30): error TS2581: Cannot find name '$'. Do you need to install type definitions for jQuery? Try `npm i --save-dev @types/jquery`.
e2e-tests/tests/user-journey.spec.ts(66,29): error TS2581: Cannot find name '$'. Do you need to install type definitions for jQuery? Try `npm i --save-dev @types/jquery`.
e2e-tests/tests/user-journey.spec.ts(70,39): error TS2581: Cannot find name '$'. Do you need to install type definitions for jQuery? Try `npm i --save-dev @types/jquery`.
e2e-tests/tests/user-journey.spec.ts(72,20): error TS2551: Property 'toContain' does not exist on type 'Assertion'. Did you mean 'contain'?
e2e-tests/tests/user-journey.spec.ts(75,5): error TS2582: Cannot find name 'it'. Do you need to install type definitions for a test runner? Try `npm i --save-dev @types/jest` or `npm i --save-dev @types/mocha`.
e2e-tests/tests/user-journey.spec.ts(77,33): error TS2581: Cannot find name '$'. Do you need to install type definitions for jQuery? Try `npm i --save-dev @types/jquery`.
e2e-tests/tests/user-journey.spec.ts(79,13): error TS2304: Cannot find name 'driver'.
e2e-tests/tests/user-journey.spec.ts(81,35): error TS2581: Cannot find name '$'. Do you need to install type definitions for jQuery? Try `npm i --save-dev @types/jquery`.
e2e-tests/tests/user-journey.spec.ts(84,29): error TS2581: Cannot find name '$'. Do you need to install type definitions for jQuery? Try `npm i --save-dev @types/jquery`.
e2e-tests/tests/user-journey.spec.ts(86,13): error TS2304: Cannot find name 'driver'.
e2e-tests/tests/user-journey.spec.ts(89,29): error TS2581: Cannot find name '$'. Do you need to install type definitions for jQuery? Try `npm i --save-dev @types/jquery`.
e2e-tests/tests/user-journey.spec.ts(91,13): error TS2304: Cannot find name 'driver'.
e2e-tests/tests/user-journey.spec.ts(94,34): error TS2581: Cannot find name '$'. Do you need to install type definitions for jQuery? Try `npm i --save-dev @types/jquery`.
e2e-tests/tests/user-journey.spec.ts(97,30): error TS2581: Cannot find name '$'. Do you need to install type definitions for jQuery? Try `npm i --save-dev @types/jquery`.
e2e-tests/tests/user-journey.spec.ts(101,36): error TS2581: Cannot find name '$'. Do you need to install type definitions for jQuery? Try `npm i --save-dev @types/jquery`.
e2e-tests/tests/user-journey.spec.ts(103,20): error TS2551: Property 'toContain' does not exist on type 'Assertion'. Did you mean 'contain'?
e2e-tests/tests/user-journey.spec.ts(106,5): error TS2582: Cannot find name 'it'. Do you need to install type definitions for a test runner? Try `npm i --save-dev @types/jest` or `npm i --save-dev @types/mocha`.
e2e-tests/tests/user-journey.spec.ts(107,36): error TS2581: Cannot find name '$'. Do you need to install type definitions for jQuery? Try `npm i --save-dev @types/jquery`.
e2e-tests/tests/user-journey.spec.ts(111,13): error TS2304: Cannot find name 'driver'.
e2e-tests/tests/user-journey.spec.ts(115,40): error TS2581: Cannot find name '$'. Do you need to install type definitions for jQuery? Try `npm i --save-dev @types/jquery`.
e2e-tests/tests/user-journey.spec.ts(118,17): error TS2304: Cannot find name 'driver'.
e2e-tests/tests/user-journey.spec.ts(125,5): error TS2582: Cannot find name 'it'. Do you need to install type definitions for a test runner? Try `npm i --save-dev @types/jest` or `npm i --save-dev @types/mocha`.
e2e-tests/tests/user-journey.spec.ts(126,31): error TS2581: Cannot find name '$'. Do you need to install type definitions for jQuery? Try `npm i --save-dev @types/jquery`.
e2e-tests/tests/user-journey.spec.ts(129,13): error TS2304: Cannot find name 'driver'.
e2e-tests/tests/user-journey.spec.ts(132,37): error TS2581: Cannot find name '$'. Do you need to install type definitions for jQuery? Try `npm i --save-dev @types/jquery`.
e2e-tests/tests/user-journey.spec.ts(133,37): error TS2339: Property 'toBeDisplayed' does not exist on type 'Assertion'.
e2e-tests/tests/user-journey.spec.ts(136,5): error TS2582: Cannot find name 'it'. Do you need to install type definitions for a test runner? Try `npm i --save-dev @types/jest` or `npm i --save-dev @types/mocha`.
e2e-tests/tests/user-journey.spec.ts(137,30): error TS2581: Cannot find name '$'. Do you need to install type definitions for jQuery? Try `npm i --save-dev @types/jquery`.
e2e-tests/tests/user-journey.spec.ts(140,13): error TS2304: Cannot find name 'driver'.
e2e-tests/tests/user-journey.spec.ts(143,39): error TS2581: Cannot find name '$'. Do you need to install type definitions for jQuery? Try `npm i --save-dev @types/jquery`.
e2e-tests/tests/user-journey.spec.ts(145,20): error TS2339: Property 'toBe' does not exist on type 'Assertion'.
e2e-tests/tests/user-journey.spec.ts(149,3): error TS2582: Cannot find name 'describe'. Do you need to install type definitions for a test runner? Try `npm i --save-dev @types/jest` or `npm i --save-dev @types/mocha`.
e2e-tests/tests/user-journey.spec.ts(150,5): error TS2582: Cannot find name 'it'. Do you need to install type definitions for a test runner? Try `npm i --save-dev @types/jest` or `npm i --save-dev @types/mocha`.
e2e-tests/tests/user-journey.spec.ts(151,38): error TS2581: Cannot find name '$'. Do you need to install type definitions for jQuery? Try `npm i --save-dev @types/jquery`.
e2e-tests/tests/user-journey.spec.ts(154,13): error TS2304: Cannot find name 'driver'.
e2e-tests/tests/user-journey.spec.ts(160,13): error TS2304: Cannot find name 'driver'.
e2e-tests/tests/user-journey.spec.ts(163,5): error TS2582: Cannot find name 'it'. Do you need to install type definitions for a test runner? Try `npm i --save-dev @types/jest` or `npm i --save-dev @types/mocha`.
e2e-tests/tests/user-journey.spec.ts(165,37): error TS2581: Cannot find name '$'. Do you need to install type definitions for jQuery? Try `npm i --save-dev @types/jquery`.
e2e-tests/tests/user-journey.spec.ts(168,13): error TS2304: Cannot find name 'driver'.
e2e-tests/tests/user-journey.spec.ts(171,33): error TS2581: Cannot find name '$'. Do you need to install type definitions for jQuery? Try `npm i --save-dev @types/jquery`.
e2e-tests/tests/user-journey.spec.ts(173,20): error TS2551: Property 'toContain' does not exist on type 'Assertion'. Did you mean 'contain'?
e2e-tests/tests/user-journey.spec.ts(176,5): error TS2582: Cannot find name 'it'. Do you need to install type definitions for a test runner? Try `npm i --save-dev @types/jest` or `npm i --save-dev @types/mocha`.
e2e-tests/tests/user-journey.spec.ts(178,33): error TS2581: Cannot find name '$'. Do you need to install type definitions for jQuery? Try `npm i --save-dev @types/jquery`.
e2e-tests/tests/user-journey.spec.ts(181,13): error TS2304: Cannot find name 'driver'.
e2e-tests/tests/user-journey.spec.ts(184,32): error TS2581: Cannot find name '$'. Do you need to install type definitions for jQuery? Try `npm i --save-dev @types/jquery`.
e2e-tests/tests/user-journey.spec.ts(185,32): error TS2339: Property 'toBeDisplayed' does not exist on type 'Assertion'.
e2e-tests/tests/user-journey.spec.ts(188,29): error TS2581: Cannot find name '$'. Do you need to install type definitions for jQuery? Try `npm i --save-dev @types/jquery`.
e2e-tests/tests/user-journey.spec.ts(191,13): error TS2304: Cannot find name 'driver'.
e2e-tests/tests/user-journey.spec.ts(194,5): error TS2582: Cannot find name 'it'. Do you need to install type definitions for a test runner? Try `npm i --save-dev @types/jest` or `npm i --save-dev @types/mocha`.
e2e-tests/tests/user-journey.spec.ts(196,28): error TS2581: Cannot find name '$'. Do you need to install type definitions for jQuery? Try `npm i --save-dev @types/jquery`.
e2e-tests/tests/user-journey.spec.ts(199,13): error TS2304: Cannot find name 'driver'.
e2e-tests/tests/user-journey.spec.ts(204,13): error TS2304: Cannot find name 'driver'.
e2e-tests/tests/user-journey.spec.ts(208,3): error TS2582: Cannot find name 'describe'. Do you need to install type definitions for a test runner? Try `npm i --save-dev @types/jest` or `npm i --save-dev @types/mocha`.
e2e-tests/tests/user-journey.spec.ts(209,5): error TS2582: Cannot find name 'it'. Do you need to install type definitions for a test runner? Try `npm i --save-dev @types/jest` or `npm i --save-dev @types/mocha`.
e2e-tests/tests/user-journey.spec.ts(211,33): error TS2581: Cannot find name '$'. Do you need to install type definitions for jQuery? Try `npm i --save-dev @types/jquery`.
e2e-tests/tests/user-journey.spec.ts(213,13): error TS2304: Cannot find name 'driver'.
e2e-tests/tests/user-journey.spec.ts(216,33): error TS2581: Cannot find name '$'. Do you need to install type definitions for jQuery? Try `npm i --save-dev @types/jquery`.
e2e-tests/tests/user-journey.spec.ts(219,13): error TS2304: Cannot find name 'driver'.
e2e-tests/tests/user-journey.spec.ts(222,32): error TS2581: Cannot find name '$'. Do you need to install type definitions for jQuery? Try `npm i --save-dev @types/jquery`.
e2e-tests/tests/user-journey.spec.ts(223,32): error TS2339: Property 'toBeDisplayed' does not exist on type 'Assertion'.
e2e-tests/tests/user-journey.spec.ts(226,5): error TS2582: Cannot find name 'it'. Do you need to install type definitions for a test runner? Try `npm i --save-dev @types/jest` or `npm i --save-dev @types/mocha`.
e2e-tests/tests/user-journey.spec.ts(228,31): error TS2581: Cannot find name '$'. Do you need to install type definitions for jQuery? Try `npm i --save-dev @types/jquery`.
e2e-tests/tests/user-journey.spec.ts(232,32): error TS2581: Cannot find name '$'. Do you need to install type definitions for jQuery? Try `npm i --save-dev @types/jquery`.
e2e-tests/tests/user-journey.spec.ts(236,34): error TS2581: Cannot find name '$'. Do you need to install type definitions for jQuery? Try `npm i --save-dev @types/jquery`.
e2e-tests/tests/user-journey.spec.ts(239,13): error TS2304: Cannot find name 'driver'.
e2e-tests/tests/user-journey.spec.ts(242,5): error TS2582: Cannot find name 'it'. Do you need to install type definitions for a test runner? Try `npm i --save-dev @types/jest` or `npm i --save-dev @types/mocha`.
e2e-tests/tests/user-journey.spec.ts(243,31): error TS2581: Cannot find name '$'. Do you need to install type definitions for jQuery? Try `npm i --save-dev @types/jquery`.
e2e-tests/tests/user-journey.spec.ts(246,13): error TS2304: Cannot find name 'driver'.
e2e-tests/tests/user-journey.spec.ts(250,38): error TS2581: Cannot find name '$'. Do you need to install type definitions for jQuery? Try `npm i --save-dev @types/jquery`.
e2e-tests/tests/user-journey.spec.ts(251,38): error TS2339: Property 'toBeDisplayed' does not exist on type 'Assertion'.
e2e-tests/tests/user-journey.spec.ts(254,34): error TS2581: Cannot find name '$'. Do you need to install type definitions for jQuery? Try `npm i --save-dev @types/jquery`.
e2e-tests/tests/user-journey.spec.ts(255,34): error TS2339: Property 'toBeDisplayed' does not exist on type 'Assertion'.
e2e-tests/tests/user-journey.spec.ts(260,3): error TS2582: Cannot find name 'describe'. Do you need to install type definitions for a test runner? Try `npm i --save-dev @types/jest` or `npm i --save-dev @types/mocha`.
e2e-tests/tests/user-journey.spec.ts(261,5): error TS2582: Cannot find name 'it'. Do you need to install type definitions for a test runner? Try `npm i --save-dev @types/jest` or `npm i --save-dev @types/mocha`.
e2e-tests/tests/user-journey.spec.ts(262,31): error TS2581: Cannot find name '$'. Do you need to install type definitions for jQuery? Try `npm i --save-dev @types/jquery`.
e2e-tests/tests/user-journey.spec.ts(265,13): error TS2304: Cannot find name 'driver'.
e2e-tests/tests/user-journey.spec.ts(267,33): error TS2581: Cannot find name '$'. Do you need to install type definitions for jQuery? Try `npm i --save-dev @types/jquery`.
e2e-tests/tests/user-journey.spec.ts(268,33): error TS2339: Property 'toBeDisplayed' does not exist on type 'Assertion'.
e2e-tests/tests/user-journey.spec.ts(271,5): error TS2582: Cannot find name 'it'. Do you need to install type definitions for a test runner? Try `npm i --save-dev @types/jest` or `npm i --save-dev @types/mocha`.
e2e-tests/tests/user-journey.spec.ts(273,32): error TS2581: Cannot find name '$'. Do you need to install type definitions for jQuery? Try `npm i --save-dev @types/jquery`.
e2e-tests/tests/user-journey.spec.ts(275,13): error TS2304: Cannot find name 'driver'.
e2e-tests/tests/user-journey.spec.ts(278,34): error TS2581: Cannot find name '$'. Do you need to install type definitions for jQuery? Try `npm i --save-dev @types/jquery`.
e2e-tests/tests/user-journey.spec.ts(280,13): error TS2304: Cannot find name 'driver'.
e2e-tests/tests/user-journey.spec.ts(283,30): error TS2581: Cannot find name '$'. Do you need to install type definitions for jQuery? Try `npm i --save-dev @types/jquery`.
e2e-tests/tests/user-journey.spec.ts(285,13): error TS2304: Cannot find name 'driver'.
e2e-tests/tests/user-journey.spec.ts(288,28): error TS2581: Cannot find name '$'. Do you need to install type definitions for jQuery? Try `npm i --save-dev @types/jquery`.
e2e-tests/tests/user-journey.spec.ts(290,13): error TS2304: Cannot find name 'driver'.
e2e-tests/tests/user-journey.spec.ts(293,5): error TS2582: Cannot find name 'it'. Do you need to install type definitions for a test runner? Try `npm i --save-dev @types/jest` or `npm i --save-dev @types/mocha`.
e2e-tests/tests/user-journey.spec.ts(294,35): error TS2581: Cannot find name '$'. Do you need to install type definitions for jQuery? Try `npm i --save-dev @types/jquery`.
e2e-tests/tests/user-journey.spec.ts(297,13): error TS2304: Cannot find name 'driver'.
e2e-tests/tests/user-journey.spec.ts(299,37): error TS2581: Cannot find name '$'. Do you need to install type definitions for jQuery? Try `npm i --save-dev @types/jquery`.
e2e-tests/tests/user-journey.spec.ts(300,37): error TS2339: Property 'toBeDisplayed' does not exist on type 'Assertion'.
e2e-tests/tests/user-journey.spec.ts(303,5): error TS2582: Cannot find name 'it'. Do you need to install type definitions for a test runner? Try `npm i --save-dev @types/jest` or `npm i --save-dev @types/mocha`.
e2e-tests/tests/user-journey.spec.ts(304,29): error TS2581: Cannot find name '$'. Do you need to install type definitions for jQuery? Try `npm i --save-dev @types/jquery`.
e2e-tests/tests/user-journey.spec.ts(307,13): error TS2304: Cannot find name 'driver'.
e2e-tests/tests/user-journey.spec.ts(309,34): error TS2581: Cannot find name '$'. Do you need to install type definitions for jQuery? Try `npm i --save-dev @types/jquery`.
e2e-tests/tests/user-journey.spec.ts(310,34): error TS2339: Property 'toBeDisplayed' does not exist on type 'Assertion'.
funcxon-landing/src/app/page.tsx(1,20): error TS2307: Cannot find module '@/components/Navbar' or its corresponding type declarations.
funcxon-landing/src/app/page.tsx(2,18): error TS2307: Cannot find module '@/components/Hero' or its corresponding type declarations.
funcxon-landing/src/app/page.tsx(3,22): error TS2307: Cannot find module '@/components/Features' or its corresponding type declarations.
funcxon-landing/src/app/page.tsx(4,24): error TS2307: Cannot find module '@/components/HowItWorks' or its corresponding type declarations.
funcxon-landing/src/app/page.tsx(5,24): error TS2307: Cannot find module '@/components/Categories' or its corresponding type declarations.
funcxon-landing/src/app/page.tsx(6,23): error TS2307: Cannot find module '@/components/Platforms' or its corresponding type declarations.
funcxon-landing/src/app/page.tsx(7,26): error TS2307: Cannot find module '@/components/Testimonials' or its corresponding type declarations.
funcxon-landing/src/app/page.tsx(8,21): error TS2307: Cannot find module '@/components/Pricing' or its corresponding type declarations.
funcxon-landing/src/app/page.tsx(9,17): error TS2307: Cannot find module '@/components/CTA' or its corresponding type declarations.
funcxon-landing/src/app/page.tsx(10,20): error TS2307: Cannot find module '@/components/Footer' or its corresponding type declarations.
src/screens/AttendeeHomeScreen.tsx(1055,44): error TS2339: Property 'includes' does not exist on type '{ vendorIds: number[]; venueIds: number[]; }'.
src/screens/AttendeeHomeScreen.tsx(1057,45): error TS2339: Property 'includes' does not exist on type '{ vendorIds: number[]; venueIds: number[]; }'.
src/screens/AttendeeHomeScreen.tsx(1092,44): error TS2339: Property 'includes' does not exist on type '{ vendorIds: number[]; venueIds: number[]; }'.
src/screens/AttendeeHomeScreen.tsx(1094,45): error TS2339: Property 'includes' does not exist on type '{ vendorIds: number[]; venueIds: number[]; }'.
src/screens/BookTourScreen.tsx(142,35): error TS2339: Property 'label' does not exist on type '{ titleLarge: { fontSize: number; fontWeight: "700"; fontFamily: string; }; titleMedium: { fontSize: number; fontWeight: "600"; fontFamily: string; }; body: { fontSize: number; fontWeight: "400"; fontFamily: string; }; caption: { ...; }; displayLarge: { ...; }; displayMedium: { ...; }; }'.
src/screens/BookTourScreen.tsx(150,35): error TS2339: Property 'label' does not exist on type '{ titleLarge: { fontSize: number; fontWeight: "700"; fontFamily: string; }; titleMedium: { fontSize: number; fontWeight: "600"; fontFamily: string; }; body: { fontSize: number; fontWeight: "400"; fontFamily: string; }; caption: { ...; }; displayLarge: { ...; }; displayMedium: { ...; }; }'.
src/screens/BookTourScreen.tsx(159,35): error TS2339: Property 'label' does not exist on type '{ titleLarge: { fontSize: number; fontWeight: "700"; fontFamily: string; }; titleMedium: { fontSize: number; fontWeight: "600"; fontFamily: string; }; body: { fontSize: number; fontWeight: "400"; fontFamily: string; }; caption: { ...; }; displayLarge: { ...; }; displayMedium: { ...; }; }'.
src/screens/BookTourScreen.tsx(167,35): error TS2339: Property 'label' does not exist on type '{ titleLarge: { fontSize: number; fontWeight: "700"; fontFamily: string; }; titleMedium: { fontSize: number; fontWeight: "600"; fontFamily: string; }; body: { fontSize: number; fontWeight: "400"; fontFamily: string; }; caption: { ...; }; displayLarge: { ...; }; displayMedium: { ...; }; }'.
src/screens/BookTourScreen.tsx(193,35): error TS2339: Property 'label' does not exist on type '{ titleLarge: { fontSize: number; fontWeight: "700"; fontFamily: string; }; titleMedium: { fontSize: number; fontWeight: "600"; fontFamily: string; }; body: { fontSize: number; fontWeight: "400"; fontFamily: string; }; caption: { ...; }; displayLarge: { ...; }; displayMedium: { ...; }; }'.
src/screens/DiscoverScreen.tsx(200,38): error TS2345: Argument of type '{ vendorIds: number[]; venueIds: number[]; }' is not assignable to parameter of type 'SetStateAction<number[]>'.
src/screens/DiscoverScreen.tsx(212,21): error TS2345: Argument of type '{ vendorIds: number[]; venueIds: number[]; }' is not assignable to parameter of type 'SetStateAction<number[]>'.
src/screens/DiscoverScreen.tsx(495,54): error TS2554: Expected 1 arguments, but got 2.
src/screens/DiscoverScreen.tsx(513,65): error TS2339: Property 'vendorIds' does not exist on type 'number[]'.
src/screens/DiscoverScreen.tsx(514,64): error TS2339: Property 'venueIds' does not exist on type 'number[]'.
src/screens/DiscoverScreen.tsx(520,65): error TS2339: Property 'vendorIds' does not exist on type 'number[]'.
src/screens/DiscoverScreen.tsx(521,64): error TS2339: Property 'venueIds' does not exist on type 'number[]'.
src/screens/DiscoverScreen.tsx(542,54): error TS2554: Expected 1 arguments, but got 2.
src/screens/DiscoverScreen.tsx(560,65): error TS2339: Property 'vendorIds' does not exist on type 'number[]'.
src/screens/DiscoverScreen.tsx(561,64): error TS2339: Property 'venueIds' does not exist on type 'number[]'.
src/screens/DiscoverScreen.tsx(567,65): error TS2339: Property 'vendorIds' does not exist on type 'number[]'.
src/screens/DiscoverScreen.tsx(568,64): error TS2339: Property 'venueIds' does not exist on type 'number[]'.
src/screens/FavouritesScreen.tsx(22,26): error TS2552: Cannot find name 'getFavourites'. Did you mean 'setFavouriteIds'?
src/screens/TermsAndPoliciesScreen.tsx(92,19): error TS2322: Type 'unknown' is not assignable to type 'boolean | undefined'.
src/screens/TermsAndPoliciesScreen.tsx(123,25): error TS2769: No overload matches this call.
  Overload 1 of 2, '(props: ViewProps): View', gave the following error.
    Type 'unknown' is not assignable to type 'ReactNode'.
  Overload 2 of 2, '(props: ViewProps, context: any): View', gave the following error.
    Type 'unknown' is not assignable to type 'ReactNode'.
src/screens/VendorProfileScreen.tsx(259,38): error TS2345: Argument of type '{ vendorIds: number[]; venueIds: number[]; }' is not assignable to parameter of type 'SetStateAction<number[]>'.
src/screens/VendorProfileScreen.tsx(273,21): error TS2345: Argument of type '{ vendorIds: number[]; venueIds: number[]; }' is not assignable to parameter of type 'SetStateAction<number[]>'.
supabase/functions/payfast-itn/index.ts(1,30): error TS2307: Cannot find module 'https://esm.sh/@supabase/supabase-js@2.49.1' or its corresponding type declarations.
supabase/functions/payfast-itn/index.ts(43,1): error TS2304: Cannot find name 'Deno'.
supabase/functions/payfast-itn/index.ts(62,22): error TS2304: Cannot find name 'Deno'.
supabase/functions/payfast-itn/index.ts(77,23): error TS2304: Cannot find name 'Deno'.
supabase/functions/payfast-itn/index.ts(78,26): error TS2304: Cannot find name 'Deno'.
supabase/functions/send-admin-notification/index.ts(4,30): error TS2307: Cannot find module 'https://esm.sh/@supabase/supabase-js@2.49.1' or its corresponding type declarations.
supabase/functions/send-admin-notification/index.ts(45,1): error TS2304: Cannot find name 'Deno'.
supabase/functions/send-admin-notification/index.ts(60,25): error TS2304: Cannot find name 'Deno'.
supabase/functions/send-admin-notification/index.ts(61,23): error TS2304: Cannot find name 'Deno'.
supabase/functions/send-admin-notification/index.ts(62,22): error TS2304: Cannot find name 'Deno'.
supabase/functions/send-admin-notification/index.ts(63,24): error TS2304: Cannot find name 'Deno'.
supabase/functions/send-admin-notification/index.ts(64,23): error TS2304: Cannot find name 'Deno'.
supabase/functions/send-subscription-reminder/index.ts(9,30): error TS2307: Cannot find module 'https://esm.sh/@supabase/supabase-js@2.49.1' or its corresponding type declarations.
supabase/functions/send-subscription-reminder/index.ts(29,1): error TS2304: Cannot find name 'Deno'.
supabase/functions/send-subscription-reminder/index.ts(41,25): error TS2304: Cannot find name 'Deno'.
supabase/functions/send-subscription-reminder/index.ts(42,23): error TS2304: Cannot find name 'Deno'.
supabase/functions/send-subscription-reminder/index.ts(43,22): error TS2304: Cannot find name 'Deno'.
supabase/functions/send-subscription-reminder/index.ts(44,25): error TS2304: Cannot find name 'Deno'.
supabase/functions/send-subscription-reminder/index.ts(45,32): error TS2304: Cannot find name 'Deno'.
supabase/functions/send-vendor-welcome-email/index.ts(11,30): error TS2307: Cannot find module 'https://esm.sh/@supabase/supabase-js@2.49.1' or its corresponding type declarations.
supabase/functions/send-vendor-welcome-email/index.ts(32,1): error TS2304: Cannot find name 'Deno'.
supabase/functions/send-vendor-welcome-email/index.ts(47,25): error TS2304: Cannot find name 'Deno'.
supabase/functions/send-vendor-welcome-email/index.ts(48,23): error TS2304: Cannot find name 'Deno'.
supabase/functions/send-vendor-welcome-email/index.ts(49,22): error TS2304: Cannot find name 'Deno'.
